==============================================================================
Testsdalong                                                                   
==============================================================================
Teste de clique longo pressionando um icone                           | PASS |
------------------------------------------------------------------------------
Teste de clique longo com calculadora                                 | PASS |
------------------------------------------------------------------------------
Teste de clique longo                                                 | PASS |
------------------------------------------------------------------------------
Botão inexistente não deve estar presente                             | FAIL |
ValueError: Element locator 'xpath=//android.widget.Button[@text="Inexistente"]' did not match any elements.
------------------------------------------------------------------------------
App YouTube não deve estar presente na tela inicial                   | PASS |
------------------------------------------------------------------------------
Erro esperado ao usar LongP em elemento ausente                       | FAIL |
Expected error 'Element locator 'id=botao_inexistente' did not match any elements' but got 'NoSuchElementException: Message: An element could not be located on the page using the given search parameters.; For documentation on this error, please visit: https://www.selenium.dev/documentation/webdriver/troubleshooting/errors#no-such-element-exception
Stacktrace:
NoSuchElementError: An element could not be located on the page using the given search parameters.
    at AndroidUiautomator2Driver.findElOrEls (D:\QAx\projects\appium-qax\yodapp-robot\node_modules\appium-uiautomator2-driver\node_modules\appium-android-driver\lib\commands\find.ts:86:11)
    at processTicksAndRejections (node:internal/process/task_queues:105:5)
    at AndroidUiautomator2Driver.findElOrElsWithProcessing (D:\QAx\projects\appium-qax\yodapp-robot\node_modules\appium-uiautomator2-driver\node_modules\@appium\base-driver\lib\basedriver\commands\find.ts:60:12)
    at AndroidUiautomator2Driver.findElement (D:\QAx\projects\appium-qax\yodapp-robot\node_modules\appium-uiautomator2-driver\node_modules\@appium\base-driver\lib\basedriver\commands\find.ts:75:12)'.
------------------------------------------------------------------------------
Erro esperado ao usar LongP com locator inválido                      | FAIL |
Expected error 'Invalid locator syntax' but got 'ValueError: Locator deve estar no formato 'estrategia=valor''.
------------------------------------------------------------------------------
Erro esperado ao usar LongP sem duração                               | FAIL |
Expected error 'Missing required argument 'duration'' but got 'NoSuchElementException: Message: An element could not be located on the page using the given search parameters.; For documentation on this error, please visit: https://www.selenium.dev/documentation/webdriver/troubleshooting/errors#no-such-element-exception
Stacktrace:
NoSuchElementError: An element could not be located on the page using the given search parameters.
    at AndroidUiautomator2Driver.findElOrEls (D:\QAx\projects\appium-qax\yodapp-robot\node_modules\appium-uiautomator2-driver\node_modules\appium-android-driver\lib\commands\find.ts:86:11)
    at processTicksAndRejections (node:internal/process/task_queues:105:5)
    at AndroidUiautomator2Driver.findElOrElsWithProcessing (D:\QAx\projects\appium-qax\yodapp-robot\node_modules\appium-uiautomator2-driver\node_modules\@appium\base-driver\lib\basedriver\commands\find.ts:60:12)
    at AndroidUiautomator2Driver.findElement (D:\QAx\projects\appium-qax\yodapp-robot\node_modules\appium-uiautomator2-driver\node_modules\@appium\base-driver\lib\basedriver\commands\find.ts:75:12)'.
------------------------------------------------------------------------------
Erro esperado ao usar LongP em elemento não suportado                 | FAIL |
Expected error 'Element does not support long press' but got 'NoSuchElementException: Message: An element could not be located on the page using the given search parameters.; For documentation on this error, please visit: https://www.selenium.dev/documentation/webdriver/troubleshooting/errors#no-such-element-exception
Stacktrace:
NoSuchElementError: An element could not be located on the page using the given search parameters.
    at AndroidUiautomator2Driver.findElOrEls (D:\QAx\projects\appium-qax\yodapp-robot\node_modules\appium-uiautomator2-driver\node_modules\appium-android-driver\lib\commands\find.ts:86:11)
    at processTicksAndRejections (node:internal/process/task_queues:105:5)
    at AndroidUiautomator2Driver.findElOrElsWithProcessing (D:\QAx\projects\appium-qax\yodapp-robot\node_modules\appium-uiautomator2-driver\node_modules\@appium\base-driver\lib\basedriver\commands\find.ts:60:12)
    at AndroidUiautomator2Driver.findElement (D:\QAx\projects\appium-qax\yodapp-robot\node_modules\appium-uiautomator2-driver\node_modules\@appium\base-driver\lib\basedriver\commands\find.ts:75:12)'.
------------------------------------------------------------------------------
Testsdalong                                                           | FAIL |
9 tests, 4 passed, 5 failed
==============================================================================
Output:  D:\qax\projects\appium-qax\yodapp-robot\logs\output.xml
Log:     D:\qax\projects\appium-qax\yodapp-robot\logs\log.html
Report:  D:\qax\projects\appium-qax\yodapp-robot\logs\report.html
