==============================================================================
Testsdalong                                                                   
==============================================================================
Teste de clique longo pressionando um icone                           | FAIL |
NoSuchElementException: Message: An element could not be located on the page using the given search parameters.; For documentation on this error, please visit: https://www.selenium.dev/documentation/webdriver/troubleshooting/errors#no-such-element-exception
Stacktrace:
NoSuchElementError: An element could not be located on the page using the given search parameters.
    at AndroidUiautomator2Driver.findElOrEls (D:\QAx\projects\appium-qax\yodapp-robot\node_modules\appium-uiautomator2-driver\node_modules\appium-android-driver\lib\commands\find.ts:86:11)
    at processTicksAndRejections (node:internal/process/task_queues:105:5)
    at AndroidUiautomator2Driver.findElOrElsWithProcessing (D:\QAx\projects\appium-qax\yodapp-robot\node_modules\appium-uiautomator2-driver\node_modules\@appium\base-driver\lib\basedriver\commands\find.ts:60:12)
    at AndroidUiautomator2Driver.findElement (D:\QAx\projects\appium-qax\yodapp-robot\node_modules\appium-uiautomator2-driver\node_modules\@appium\base-driver\lib\basedriver\commands\find.ts:75:12)
------------------------------------------------------------------------------
Teste de clique longo com calculadora                                 | PASS |
------------------------------------------------------------------------------
Teste de clique longo                                                 Second signal will force exit.
[ WARN ] Keyword 'Capture Page Screenshot' could not be run on failure: Execution terminated by signal
| FAIL |
Execution terminated by signal
------------------------------------------------------------------------------
Botão inexistente não deve estar presente                             | FAIL |
Test execution stopped due to a fatal error.
------------------------------------------------------------------------------
App YouTube não deve estar presente na tela inicial                   | FAIL |
Test execution stopped due to a fatal error.
------------------------------------------------------------------------------
Erro esperado ao usar LongP em elemento ausente                       | FAIL |
Test execution stopped due to a fatal error.
------------------------------------------------------------------------------
Erro esperado ao usar LongP com locator inválido                      | FAIL |
Test execution stopped due to a fatal error.
------------------------------------------------------------------------------
Erro esperado ao usar LongP sem duração                               | FAIL |
Test execution stopped due to a fatal error.
------------------------------------------------------------------------------
Erro esperado ao usar LongP em elemento não suportado                 | FAIL |
Test execution stopped due to a fatal error.
------------------------------------------------------------------------------
Testsdalong                                                           | FAIL |
9 tests, 1 passed, 8 failed
==============================================================================
Output:  D:\qax\projects\appium-qax\yodapp-robot\logs\output.xml
Log:     D:\qax\projects\appium-qax\yodapp-robot\logs\log.html
Report:  D:\qax\projects\appium-qax\yodapp-robot\logs\report.html
